
> angular-notes@0.0.0 build
> ng build

[33mΓ¥»[39m Building...
[32mΓ£ö[39m Building...
Application bundle generation failed. [9.690 seconds] - 2026-01-23T10:25:49.967Z

node.exe : [1m[31m[31mX 
[41;31m[[41;97mERROR[41;31
m][0m [1mTS2307: Cannot 
find module 
'@spartan-ng/brain/button' 
or its corresponding type 
declarations.[0m 
[1m[35m[plugin 
angular-compiler][0m
At C:\Program 
Files\nodejs\npm.ps1:29 
char:3
+   & $NODE_EXE $NPM_CLI_JS 
$args
+   ~~~~~~~~~~~~~~~~~~~~~~~~
~~~~~
    + CategoryInfo          
    : NotSpecified: ([1m  
  [31m[31mX...r-compiler   
 ][0m:String) [], Remot    
eException
    + FullyQualifiedErrorId 
    : NativeCommandError
 

    libs/ui/button/src/lib/h
lm-button.ts:2:26:
[37m      2 Γöé import { 
BrnButton } from [32m'@spar
tan-ng/brain/button'[37m;
        Γò╡                 
          [32m~~~~~~~~~~~~~
~~~~~~~~~~~~~[0m


[31mX [41;31m[[41;97mERRO
R[41;31m][0m [1mNG1010: 
Host directive must be a 
reference
  Value could not be 
determined statically.[0m 
[1m[35m[plugin 
angular-compiler][0m

    libs/ui/button/src/lib/h
lm-button.ts:44:17:
[37m      44 Γöé   
hostDirectives: [32m[{ 
directive: BrnButton, 
inputs: ['disabled'] 
}][37m,
         Γò╡                
   [32m~~~~~~~~~~~~~~~~~~~~
~~~~~~~~~~~~~~~~~~~~~~~~~~~~
[0m

  Unknown reference.

    libs/ui/button/src/lib/h
lm-button.ts:44:31:
[37m      44 Γöé   
hostDirectives: [{ 
directive: 
[32mBrnButton[37m, 
inputs: ['disabled'] }],
         Γò╡                
                 
[32m~~~~~~~~~[0m


[31mX [41;31m[[41;97mERRO
R[41;31m][0m [1mTS2307: 
Cannot find module 
'@ng-icons/core' or its 
corresponding type 
declarations.[0m 
[1m[35m[plugin 
angular-compiler][0m

    libs/ui/icon/src/index.t
s:1:23:
[37m      1 Γöé import { 
NgIcon } from 
[32m'@ng-icons/core'[37m;
        Γò╡                 
       
[32m~~~~~~~~~~~~~~~~[0m


[31mX [41;31m[[41;97mERRO
R[41;31m][0m [1mTS2307: 
Cannot find module '@spartan
-ng/brain/form-field' or 
its corresponding type 
declarations.[0m 
[1m[35m[plugin 
angular-compiler][0m

    libs/ui/input/src/lib/hl
m-input.ts:15:36:
[37m      15 Γöé import { 
BrnFormFieldControl } from 
[32m'@spartan-ng/brain/form-
field'[37m;
         Γò╡                
                     [32m~~
~~~~~~~~~~~~~~~~~~~~~~~~~~~~
[0m


[31mX [41;31m[[41;97mERRO
R[41;31m][0m [1mTS2307: 
Cannot find module 
'@spartan-ng/brain/forms' 
or its corresponding type 
declarations.[0m 
[1m[35m[plugin 
angular-compiler][0m

    libs/ui/input/src/lib/hl
m-input.ts:16:53:
[37m      16 Γöé 
...rStateMatcher, 
ErrorStateTracker } from [3
2m'@spartan-ng/brain/forms'
[37m;
         Γò╡                
                            
[32m~~~~~~~~~~~~~~~~~~~~~~~
~~[0m


[31mX [41;31m[[41;97mERRO
R[41;31m][0m [1mTS2307: 
Cannot find module '@spartan
-ng/brain/separator' or its 
corresponding type 
declarations.[0m 
[1m[35m[plugin 
angular-compiler][0m

    libs/ui/separator/src/li
b/hlm-separator.ts:2:29:
[37m      2 Γöé import { 
BrnSeparator } from [32m'@s
partan-ng/brain/separator'[
37m;
        Γò╡                 
             [32m~~~~~~~~~~
~~~~~~~~~~~~~~~~~~~[0m


[31mX [41;31m[[41;97mERRO
R[41;31m][0m [1mNG1010: 
Host directive must be a 
reference
  Value could not be 
determined statically.[0m 
[1m[35m[plugin 
angular-compiler][0m

    libs/ui/separator/src/li
b/hlm-separator.ts:10:17:
[37m      10 Γöé 
...rectives: [32m[{ 
directive: BrnSeparator, 
inputs: ['orientation', 
'[37m...
         Γò╡              [
32m~~~~~~~~~~~~~~~~~~~~~~~~~
~~~~~~~~~~~~~~~~~~~~~~~~~~~~
[0m

  Unknown reference.

    libs/ui/separator/src/li
b/hlm-separator.ts:10:31:
[37m      10 Γöé 
...Directives: [{ 
directive: 
[32mBrnSeparator[37m, 
inputs: ['orientation',...
         Γò╡                
              
[32m~~~~~~~~~~~~[0m


[31mX [41;31m[[41;97mERRO
R[41;31m][0m [1mTS2307: 
Cannot find module 
'@spartan-ng/brain/sheet' 
or its corresponding type 
declarations.[0m 
[1m[35m[plugin 
angular-compiler][0m

    libs/ui/sheet/src/lib/hl
m-sheet-close.ts:2:30:
[37m      2 Γöé import { 
BrnSheetClose } from [32m'@
spartan-ng/brain/sheet'[37m
;
        Γò╡                 
              [32m~~~~~~~~~
~~~~~~~~~~~~~~~~[0m


[31mX [41;31m[[41;97mERRO
R[41;31m][0m [1mNG1010: 
Host directive must be a 
reference
  Value could not be 
determined statically.[0m 
[1m[35m[plugin 
angular-compiler][0m

    libs/ui/sheet/src/lib/hl
m-sheet-close.ts:7:17:
[37m      7 Γöé   
hostDirectives: [32m[{ 
directive: BrnSheetClose, 
inputs: ['delay'] }][37m,
        Γò╡                 
  [32m~~~~~~~~~~~~~~~~~~~~~
~~~~~~~~~~~~~~~~~~~~~~~~~~~~
[0m

  Unknown reference.

    libs/ui/sheet/src/lib/hl
m-sheet-close.ts:7:31:
[37m      7 Γöé   
hostDirectives: [{ 
directive: 
[32mBrnSheetClose[37m, 
inputs: ['delay'] }],
        Γò╡                 
                
[32m~~~~~~~~~~~~~[0m


[31mX [41;31m[[41;97mERRO
R[41;31m][0m [1mTS2307: 
Cannot find module 
'@ng-icons/core' or its 
corresponding type 
declarations.[0m 
[1m[35m[plugin 
angular-compiler][0m

    libs/ui/sheet/src/lib/hl
m-sheet-content.ts:2:29:
[37m      2 Γöé import { 
provideIcons } from 
[32m'@ng-icons/core'[37m;
        Γò╡                 
             
[32m~~~~~~~~~~~~~~~~[0m


[31mX [41;31m[[41;97mERRO
R[41;31m][0m [1mTS2307: 
Cannot find module 
'@ng-icons/lucide' or its 
corresponding type 
declarations.[0m 
[1m[35m[plugin 
angular-compiler][0m

    libs/ui/sheet/src/lib/hl
m-sheet-content.ts:3:24:
[37m      3 Γöé import { 
lucideX } from [32m'@ng-ico
ns/lucide'[37m;
        Γò╡                 
        
[32m~~~~~~~~~~~~~~~~~~[0m


[31mX [41;31m[[41;97mERRO
R[41;31m][0m [1mTS2307: 
Cannot find module 
'@spartan-ng/brain/core' or 
its corresponding type 
declarations.[0m 
[1m[35m[plugin 
angular-compiler][0m

    libs/ui/sheet/src/lib/hl
m-sheet-content.ts:4:70:
[37m      4 Γöé ...ovider, 
injectExposesStateProvider 
} from [32m'@spartan-ng/bra
in/core'[37m;
        Γò╡                 
                            
 [32m~~~~~~~~~~~~~~~~~~~~~~
~~[0m


[31mX [41;31m[[41;97mERRO
R[41;31m][0m [1mNG1010: 
'imports' must be an array 
of components, directives, 
pipes, or NgModules.
  Value is of type 
'[HlmIcon, (not statically 
analyzable)]'.[0m 
[1m[35m[plugin 
angular-compiler][0m

    libs/ui/sheet/src/lib/hl
m-sheet-content.ts:31:26:
[37m      31 Γöé   
imports: [HlmSheetClose, 
[32mHlmIconImports[37m],
         Γò╡                
            
[32m~~~~~~~~~~~~~~[0m


[31mX [41;31m[[41;97mERRO
R[41;31m][0m [1mTS2307: 
Cannot find module 
'@spartan-ng/brain/sheet' 
or its corresponding type 
declarations.[0m 
[1m[35m[plugin 
angular-compiler][0m

    libs/ui/sheet/src/lib/hl
m-sheet-description.ts:2:36:
[37m      2 Γöé import { 
BrnSheetDescription } from 
[32m'@spartan-ng/brain/sheet
'[37m;
        Γò╡                 
                    [32m~~~
~~~~~~~~~~~~~~~~~~~~~~[0m


[31mX [41;31m[[41;97mERRO
R[41;31m][0m [1mNG1010: 
Host directive must be a 
reference
  Value could not be 
determined statically.[0m 
[1m[35m[plugin 
angular-compiler][0m

    libs/ui/sheet/src/lib/hl
m-sheet-description.ts:7:17:
[37m      7 Γöé   
hostDirectives: [32m[BrnShe
etDescription][37m,
        Γò╡                 
  [32m~~~~~~~~~~~~~~~~~~~~~
[0m

  Unknown reference.

    libs/ui/sheet/src/lib/hl
m-sheet-description.ts:7:18:
[37m      7 Γöé   
hostDirectives: [[32mBrnShe
etDescription[37m],
        Γò╡                 
   
[32m~~~~~~~~~~~~~~~~~~~[0m


[31mX [41;31m[[41;97mERRO
R[41;31m][0m [1mTS2307: 
Cannot find module 
'@spartan-ng/brain/core' or 
its corresponding type 
declarations.[0m 
[1m[35m[plugin 
angular-compiler][0m

    libs/ui/sheet/src/lib/hl
m-sheet-overlay.ts:2:42:
[37m      2 Γöé import { 
injectCustomClassSettable } 
from [32m'@spartan-ng/brain
/core'[37m;
        Γò╡                 
                          [
32m~~~~~~~~~~~~~~~~~~~~~~~~
[0m


[31mX [41;31m[[41;97mERRO
R[41;31m][0m [1mTS2307: 
Cannot find module 
'@spartan-ng/brain/sheet' 
or its corresponding type 
declarations.[0m 
[1m[35m[plugin 
angular-compiler][0m

    libs/ui/sheet/src/lib/hl
m-sheet-overlay.ts:3:32:
[37m      3 Γöé import { 
BrnSheetOverlay } from [32m
'@spartan-ng/brain/sheet'[3
7m;
        Γò╡                 
                [32m~~~~~~~
~~~~~~~~~~~~~~~~~~[0m


[31mX [41;31m[[41;97mERRO
R[41;31m][0m [1mNG1010: 
Host directive must be a 
reference
  Value could not be 
determined statically.[0m 
[1m[35m[plugin 
angular-compiler][0m

    libs/ui/sheet/src/lib/hl
m-sheet-overlay.ts:9:17:
[37m      9 Γöé   
hostDirectives: 
[32m[BrnSheetOverlay][37m,
        Γò╡                 
  [32m~~~~~~~~~~~~~~~~~[0m

  Unknown reference.

    libs/ui/sheet/src/lib/hl
m-sheet-overlay.ts:9:18:
[37m      9 Γöé   
hostDirectives: 
[[32mBrnSheetOverlay[37m],
        Γò╡                 
   [32m~~~~~~~~~~~~~~~[0m


[31mX [41;31m[[41;97mERRO
R[41;31m][0m [1mTS2307: 
Cannot find module 
'@spartan-ng/brain/sheet' 
or its corresponding type 
declarations.[0m 
[1m[35m[plugin 
angular-compiler][0m

    libs/ui/sheet/src/lib/hl
m-sheet-title.ts:2:30:
[37m      2 Γöé import { 
BrnSheetTitle } from [32m'@
spartan-ng/brain/sheet'[37m
;
        Γò╡                 
              [32m~~~~~~~~~
~~~~~~~~~~~~~~~~[0m


[31mX [41;31m[[41;97mERRO
R[41;31m][0m [1mNG1010: 
Host directive must be a 
reference
  Value could not be 
determined statically.[0m 
[1m[35m[plugin 
angular-compiler][0m

    libs/ui/sheet/src/lib/hl
m-sheet-title.ts:7:17:
[37m      7 Γöé   
hostDirectives: 
[32m[BrnSheetTitle][37m,
        Γò╡                 
  [32m~~~~~~~~~~~~~~~[0m

  Unknown reference.

    libs/ui/sheet/src/lib/hl
m-sheet-title.ts:7:18:
[37m      7 Γöé   
hostDirectives: 
[[32mBrnSheetTitle[37m],
        Γò╡                 
   [32m~~~~~~~~~~~~~[0m


[31mX [41;31m[[41;97mERRO
R[41;31m][0m [1mTS2307: 
Cannot find module 
'@spartan-ng/brain/sheet' 
or its corresponding type 
declarations.[0m 
[1m[35m[plugin 
angular-compiler][0m

    libs/ui/sheet/src/lib/hl
m-sheet-trigger.ts:2:32:
[37m      2 Γöé import { 
BrnSheetTrigger } from [32m
'@spartan-ng/brain/sheet'[3
7m;
        Γò╡                 
                [32m~~~~~~~
~~~~~~~~~~~~~~~~~~[0m


[31mX [41;31m[[41;97mERRO
R[41;31m][0m [1mNG1010: 
Host directive must be a 
reference
  Value could not be 
determined statically.[0m 
[1m[35m[plugin 
angular-compiler][0m

    libs/ui/sheet/src/lib/hl
m-sheet-trigger.ts:6:17:
[37m      6 Γöé 
...irectives: [32m[{ 
directive: BrnSheetTrigger, 
inputs: ['id', 
'side',[37m...
        Γò╡               [
32m~~~~~~~~~~~~~~~~~~~~~~~~~
~~~~~~~~~~~~~~~~~~~~~~~~~~~~
[0m

  Unknown reference.

    libs/ui/sheet/src/lib/hl
m-sheet-trigger.ts:6:31:
[37m      6 Γöé 
...irectives: [{ directive: 
[32mBrnSheetTrigger[37m, 
inputs: ['id', 'side',...
        Γò╡                 
            
[32m~~~~~~~~~~~~~~~[0m


[31mX [41;31m[[41;97mERRO
R[41;31m][0m [1mTS2307: 
Cannot find module 
'@spartan-ng/brain/dialog' 
or its corresponding type 
declarations.[0m 
[1m[35m[plugin 
angular-compiler][0m

    libs/ui/sheet/src/lib/hl
m-sheet.ts:2:58:
[37m      2 Γöé ..., provid
eBrnDialogDefaultOptions } 
from [32m'@spartan-ng/brain
/dialog'[37m;
        Γò╡                 
                           
[32m~~~~~~~~~~~~~~~~~~~~~~~~
~~[0m


[31mX [41;31m[[41;97mERRO
R[41;31m][0m [1mTS2307: 
Cannot find module 
'@spartan-ng/brain/sheet' 
or its corresponding type 
declarations.[0m 
[1m[35m[plugin 
angular-compiler][0m

    libs/ui/sheet/src/lib/hl
m-sheet.ts:3:25:
[37m      3 Γöé import { 
BrnSheet } from [32m'@spart
an-ng/brain/sheet'[37m;
        Γò╡                 
         [32m~~~~~~~~~~~~~~
~~~~~~~~~~~[0m


[31mX [41;31m[[41;97mERRO
R[41;31m][0m [1mNG2012: 
Component imports must be 
standalone components, 
directives, pipes, or must 
be NgModules.[0m 
[1m[35m[plugin 
angular-compiler][0m

    libs/ui/sheet/src/lib/hl
m-sheet.ts:9:11:
[37m      9 Γöé   imports: 
[[32mHlmSheetOverlay[37m],
        Γò╡             
[32m~~~~~~~~~~~~~~~[0m


[31mX [41;31m[[41;97mERRO
R[41;31m][0m [1mTS2307: 
Cannot find module 
'@spartan-ng/brain/tooltip' 
or its corresponding type 
declarations.[0m 
[1m[35m[plugin 
angular-compiler][0m

    libs/ui/sidebar/src/lib/
hlm-sidebar-menu-button.ts:3
:67:
[37m      3 Γöé ...provideB
rnTooltipDefaultOptions } 
from [32m'@spartan-ng/brain
/tooltip'[37m;
        Γò╡                 
                          [
32m~~~~~~~~~~~~~~~~~~~~~~~~~
~~[0m


[31mX [41;31m[[41;97mERRO
R[41;31m][0m [1mNG1010: 
Host directive must be a 
reference
  Value could not be 
determined statically.[0m 
[1m[35m[plugin 
angular-compiler][0m

    libs/ui/sidebar/src/lib/
hlm-sidebar-menu-button.ts:4
2:17:
[37m      42 Γöé   
hostDirectives: [32m[[37m
         Γò╡                
   [32m^[0m

  Unknown reference.

    libs/ui/sidebar/src/lib/
hlm-sidebar-menu-button.ts:4
4:14:
[37m      44 Γöé       
directive: 
[32mBrnTooltipTrigger[37m,
         Γò╡                
  [32m~~~~~~~~~~~~~~~~~[0m


[31mX [41;31m[[41;97mERRO
R[41;31m][0m [1mNG2013: 
HlmSeparator must be a 
standalone directive to be 
used as a host 
directive[0m 
[1m[35m[plugin 
angular-compiler][0m

    libs/ui/sidebar/src/lib/
hlm-sidebar-separator.ts:7:3
1:
[37m      7 Γöé   
hostDirectives: [{ 
directive: 
[32mHlmSeparator[37m }],
        Γò╡                 
                
[32m~~~~~~~~~~~~[0m


[31mX [41;31m[[41;97mERRO
R[41;31m][0m [1mTS2307: 
Cannot find module 
'@ng-icons/core' or its 
corresponding type 
declarations.[0m 
[1m[35m[plugin 
angular-compiler][0m

    libs/ui/sidebar/src/lib/
hlm-sidebar-trigger.ts:2:29:
[37m      2 Γöé import { 
provideIcons } from 
[32m'@ng-icons/core'[37m;
        Γò╡                 
             
[32m~~~~~~~~~~~~~~~~[0m


[31mX [41;31m[[41;97mERRO
R[41;31m][0m [1mTS2307: 
Cannot find module 
'@ng-icons/lucide' or its 
corresponding type 
declarations.[0m 
[1m[35m[plugin 
angular-compiler][0m

    libs/ui/sidebar/src/lib/
hlm-sidebar-trigger.ts:3:32:
[37m      3 Γöé import { 
lucidePanelLeft } from [32m
'@ng-icons/lucide'[37m;
        Γò╡                 
                
[32m~~~~~~~~~~~~~~~~~~[0m


[31mX [41;31m[[41;97mERRO
R[41;31m][0m [1mNG1010: 
'imports' must be an array 
of components, directives, 
pipes, or NgModules.
  Value is of type 
'[HlmIcon, (not statically 
analyzable)]'.[0m 
[1m[35m[plugin 
angular-compiler][0m

    libs/ui/sidebar/src/lib/
hlm-sidebar-trigger.ts:11:11
:
[37m      11 Γöé   
imports: 
[[32mHlmIconImports[37m],
         Γò╡             
[32m~~~~~~~~~~~~~~[0m


[31mX [41;31m[[41;97mERRO
R[41;31m][0m [1mTS2307: 
Cannot find module 
'@spartan-ng/brain/sheet' 
or its corresponding type 
declarations.[0m 
[1m[35m[plugin 
angular-compiler][0m

    libs/ui/sidebar/src/lib/
hlm-sidebar.ts:3:32:
[37m      3 Γöé import { 
BrnSheetImports } from [32m
'@spartan-ng/brain/sheet'[3
7m;
        Γò╡                 
                [32m~~~~~~~
~~~~~~~~~~~~~~~~~~[0m


[31mX [41;31m[[41;97mERRO
R[41;31m][0m [1mNG1010: 
'imports' must be an array 
of components, directives, 
pipes, or NgModules.
  Value could not be 
determined statically.[0m 
[1m[35m[plugin 
angular-compiler][0m

    libs/ui/sidebar/src/lib/
hlm-sidebar.ts:12:46:
[37m      12 Γöé   
imports: [NgTemplateOutlet, 
HlmSheetImports, 
[32mBrnSheetImports[37m],
         Γò╡                
                            
    [32m~~~~~~~~~~~~~~~[0m

  Unknown reference.

    libs/ui/sidebar/src/lib/
hlm-sidebar.ts:12:46:
[37m      12 Γöé   
imports: [NgTemplateOutlet, 
HlmSheetImports, 
[32mBrnSheetImports[37m],
         Γò╡                
                            
    [32m~~~~~~~~~~~~~~~[0m


[31mX [41;31m[[41;97mERRO
R[41;31m][0m [1mTS2307: 
Cannot find module 
'@spartan-ng/brain/tooltip' 
or its corresponding type 
declarations.[0m 
[1m[35m[plugin 
angular-compiler][0m

    libs/ui/tooltip/src/lib/
hlm-tooltip-trigger.ts:2:67:
[37m      2 Γöé ...provideB
rnTooltipDefaultOptions } 
from [32m'@spartan-ng/brain
/tooltip'[37m;
        Γò╡                 
                          [
32m~~~~~~~~~~~~~~~~~~~~~~~~~
~~[0m


[31mX [41;31m[[41;97mERRO
R[41;31m][0m [1mNG1010: 
Host directive must be a 
reference
  Value could not be 
determined statically.[0m 
[1m[35m[plugin 
angular-compiler][0m

    libs/ui/tooltip/src/lib/
hlm-tooltip-trigger.ts:21:17
:
[37m      21 Γöé   
hostDirectives: [32m[[37m
         Γò╡                
   [32m^[0m

  Unknown reference.

    libs/ui/tooltip/src/lib/
hlm-tooltip-trigger.ts:23:14
:
[37m      23 Γöé       
directive: 
[32mBrnTooltipTrigger[37m,
         Γò╡                
  [32m~~~~~~~~~~~~~~~~~[0m


[31mX [41;31m[[41;97mERRO
R[41;31m][0m [1mTS2307: 
Cannot find module 
'@spartan-ng/brain/tooltip' 
or its corresponding type 
declarations.[0m 
[1m[35m[plugin 
angular-compiler][0m

    libs/ui/tooltip/src/lib/
hlm-tooltip.ts:2:27:
[37m      2 Γöé import { 
BrnTooltip } from [32m'@spa
rtan-ng/brain/tooltip'[37m;
        Γò╡                 
           [32m~~~~~~~~~~~~
~~~~~~~~~~~~~~~[0m


[31mX [41;31m[[41;97mERRO
R[41;31m][0m [1mNG1010: 
Host directive must be a 
reference
  Value could not be 
determined statically.[0m 
[1m[35m[plugin 
angular-compiler][0m

    libs/ui/tooltip/src/lib/
hlm-tooltip.ts:6:17:
[37m      6 Γöé   
hostDirectives: 
[32m[BrnTooltip][37m,
        Γò╡                 
  [32m~~~~~~~~~~~~[0m

  Unknown reference.

    libs/ui/tooltip/src/lib/
hlm-tooltip.ts:6:18:
[37m      6 Γöé   
hostDirectives: 
[[32mBrnTooltip[37m],
        Γò╡                 
   [32m~~~~~~~~~~[0m


[31mX [41;31m[[41;97mERRO
R[41;31m][0m [1mTS2307: 
Cannot find module '../../..
/../libs/ui/sidebar/src' or 
its corresponding type 
declarations.[0m 
[1m[35m[plugin 
angular-compiler][0m

    src/app/components/layou
t/main-layout/main-layout.co
mponent.ts:7:34:
[37m      7 Γöé import { 
HlmSidebarImports } from [3
2m'../../../../libs/ui/sideb
ar/src'[37m;
        Γò╡                 
                  [32m~~~~~
~~~~~~~~~~~~~~~~~~~~~~~~~~~~
[0m


[31mX [41;31m[[41;97mERRO
R[41;31m][0m [1mNG1010: 
'imports' must be an array 
of components, directives, 
pipes, or NgModules.
  Value could not be 
determined statically.[0m 
[1m[35m[plugin 
angular-compiler][0m

    src/app/components/layou
t/main-layout/main-layout.co
mponent.ts:12:106:
[37m      12 Γöé ...nt, 
HubFooterComponent, 
BlueprintHubComponent, [32m
HlmSidebarImports[37m],
         Γò╡                
                            
       
[32m~~~~~~~~~~~~~~~~~[0m

  Unknown reference.

    src/app/components/layou
t/main-layout/main-layout.co
mponent.ts:12:106:
[37m      12 Γöé ...nt, 
HubFooterComponent, 
BlueprintHubComponent, [32m
HlmSidebarImports[37m],
         Γò╡                
                            
       
[32m~~~~~~~~~~~~~~~~~[0m


[31mX [41;31m[[41;97mERRO
R[41;31m][0m [1mNG2012: 
Component imports must be 
standalone components, 
directives, pipes, or must 
be NgModules.[0m 
[1m[35m[plugin 
angular-compiler][0m

    src/app/components/sideb
ar/sidebar.component.ts:17:1
3:
[37m      17 Γöé     
imports: 
[32m[CommonModule, 
HlmSidebarImports, 
LucideAngularModule][37m,
         Γò╡              [
32m~~~~~~~~~~~~~~~~~~~~~~~~~
~~~~~~~~~~~~~~~~~~~~~~~~~~~~
~[0m


[31mX [41;31m[[41;97mERRO
R[41;31m][0m [1mCould 
not resolve "@spartan-ng/bra
in/button"[0m

    libs/ui/button/src/lib/h
lm-button.ts:2:26:
[37m      2 Γöé import { 
BrnButton } from [32m'@spar
tan-ng/brain/button'[37m;
        Γò╡                 
          [32m~~~~~~~~~~~~~
~~~~~~~~~~~~~[0m

  You can mark the path 
"@spartan-ng/brain/button" 
as external to exclude it 
from the bundle, which will 
remove this error and leave 
the unresolved path in the 
bundle.


[31mX [41;31m[[41;97mERRO
R[41;31m][0m [1mCould 
not resolve 
"@ng-icons/core"[0m

    libs/ui/icon/src/index.t
s:1:23:
[37m      1 Γöé import { 
NgIcon } from 
[32m'@ng-icons/core'[37m;
        Γò╡                 
       
[32m~~~~~~~~~~~~~~~~[0m

  You can mark the path 
"@ng-icons/core" as 
external to exclude it from 
the bundle, which will 
remove this error and leave 
the unresolved path in the 
bundle.


[31mX [41;31m[[41;97mERRO
R[41;31m][0m [1mCould 
not resolve "@spartan-ng/bra
in/form-field"[0m

    libs/ui/input/src/lib/hl
m-input.ts:3:36:
[37m      3 Γöé import { 
BrnFormFieldControl } from 
[32m'@spartan-ng/brain/form-
field'[37m;
        Γò╡                 
                    [32m~~~
~~~~~~~~~~~~~~~~~~~~~~~~~~~
[0m

  You can mark the path "@sp
artan-ng/brain/form-field" 
as external to exclude it 
from the bundle, which will 
remove this error and leave 
the unresolved path in the 
bundle.


[31mX [41;31m[[41;97mERRO
R[41;31m][0m [1mCould 
not resolve "@spartan-ng/bra
in/forms"[0m

    libs/ui/input/src/lib/hl
m-input.ts:4:53:
[37m      4 Γöé 
...orStateMatcher, 
ErrorStateTracker } from [3
2m'@spartan-ng/brain/forms'
[37m;
        Γò╡                 
                            
[32m~~~~~~~~~~~~~~~~~~~~~~~
~~[0m

  You can mark the path 
"@spartan-ng/brain/forms" 
as external to exclude it 
from the bundle, which will 
remove this error and leave 
the unresolved path in the 
bundle.


[31mX [41;31m[[41;97mERRO
R[41;31m][0m [1mCould 
not resolve "@spartan-ng/bra
in/separator"[0m

    libs/ui/separator/src/li
b/hlm-separator.ts:2:29:
[37m      2 Γöé import { 
BrnSeparator } from [32m'@s
partan-ng/brain/separator'[
37m;
        Γò╡                 
             [32m~~~~~~~~~~
~~~~~~~~~~~~~~~~~~~[0m

  You can mark the path "@sp
artan-ng/brain/separator" 
as external to exclude it 
from the bundle, which will 
remove this error and leave 
the unresolved path in the 
bundle.


[31mX [41;31m[[41;97mERRO
R[41;31m][0m [1mCould 
not resolve "@spartan-ng/bra
in/sheet"[0m

    libs/ui/sheet/src/lib/hl
m-sheet-close.ts:2:30:
[37m      2 Γöé import { 
BrnSheetClose } from [32m'@
spartan-ng/brain/sheet'[37m
;
        Γò╡                 
              [32m~~~~~~~~~
~~~~~~~~~~~~~~~~[0m

  You can mark the path 
"@spartan-ng/brain/sheet" 
as external to exclude it 
from the bundle, which will 
remove this error and leave 
the unresolved path in the 
bundle.


[31mX [41;31m[[41;97mERRO
R[41;31m][0m [1mCould 
not resolve 
"@ng-icons/core"[0m

    libs/ui/sheet/src/lib/hl
m-sheet-content.ts:2:29:
[37m      2 Γöé import { 
provideIcons } from 
[32m'@ng-icons/core'[37m;
        Γò╡                 
             
[32m~~~~~~~~~~~~~~~~[0m

  You can mark the path 
"@ng-icons/core" as 
external to exclude it from 
the bundle, which will 
remove this error and leave 
the unresolved path in the 
bundle.


[31mX [41;31m[[41;97mERRO
R[41;31m][0m [1mCould 
not resolve 
"@ng-icons/lucide"[0m

    libs/ui/sheet/src/lib/hl
m-sheet-content.ts:3:24:
[37m      3 Γöé import { 
lucideX } from [32m'@ng-ico
ns/lucide'[37m;
        Γò╡                 
        
[32m~~~~~~~~~~~~~~~~~~[0m

  You can mark the path 
"@ng-icons/lucide" as 
external to exclude it from 
the bundle, which will 
remove this error and leave 
the unresolved path in the 
bundle.


[31mX [41;31m[[41;97mERRO
R[41;31m][0m [1mCould 
not resolve 
"@spartan-ng/brain/core"[0m

    libs/ui/sheet/src/lib/hl
m-sheet-content.ts:4:70:
[37m      4 Γöé ...ovider, 
injectExposesStateProvider 
} from [32m'@spartan-ng/bra
in/core'[37m;
        Γò╡                 
                            
 [32m~~~~~~~~~~~~~~~~~~~~~~
~~[0m

  You can mark the path 
"@spartan-ng/brain/core" as 
external to exclude it from 
the bundle, which will 
remove this error and leave 
the unresolved path in the 
bundle.


[31mX [41;31m[[41;97mERRO
R[41;31m][0m [1mCould 
not resolve "@spartan-ng/bra
in/sheet"[0m

    libs/ui/sheet/src/lib/hl
m-sheet-description.ts:2:36:
[37m      2 Γöé import { 
BrnSheetDescription } from 
[32m'@spartan-ng/brain/sheet
'[37m;
        Γò╡                 
                    [32m~~~
~~~~~~~~~~~~~~~~~~~~~~[0m

  You can mark the path 
"@spartan-ng/brain/sheet" 
as external to exclude it 
from the bundle, which will 
remove this error and leave 
the unresolved path in the 
bundle.


[31mX [41;31m[[41;97mERRO
R[41;31m][0m [1mCould 
not resolve 
"@spartan-ng/brain/core"[0m

    libs/ui/sheet/src/lib/hl
m-sheet-overlay.ts:2:42:
[37m      2 Γöé import { 
injectCustomClassSettable } 
from [32m'@spartan-ng/brain
/core'[37m;
        Γò╡                 
                          [
32m~~~~~~~~~~~~~~~~~~~~~~~~
[0m

  You can mark the path 
"@spartan-ng/brain/core" as 
external to exclude it from 
the bundle, which will 
remove this error and leave 
the unresolved path in the 
bundle.


[31mX [41;31m[[41;97mERRO
R[41;31m][0m [1mCould 
not resolve "@spartan-ng/bra
in/sheet"[0m

    libs/ui/sheet/src/lib/hl
m-sheet-overlay.ts:3:32:
[37m      3 Γöé import { 
BrnSheetOverlay } from [32m
'@spartan-ng/brain/sheet'[3
7m;
        Γò╡                 
                [32m~~~~~~~
~~~~~~~~~~~~~~~~~~[0m

  You can mark the path 
"@spartan-ng/brain/sheet" 
as external to exclude it 
from the bundle, which will 
remove this error and leave 
the unresolved path in the 
bundle.


[31mX [41;31m[[41;97mERRO
R[41;31m][0m [1mCould 
not resolve "@spartan-ng/bra
in/sheet"[0m

    libs/ui/sheet/src/lib/hl
m-sheet-title.ts:2:30:
[37m      2 Γöé import { 
BrnSheetTitle } from [32m'@
spartan-ng/brain/sheet'[37m
;
        Γò╡                 
              [32m~~~~~~~~~
~~~~~~~~~~~~~~~~[0m

  You can mark the path 
"@spartan-ng/brain/sheet" 
as external to exclude it 
from the bundle, which will 
remove this error and leave 
the unresolved path in the 
bundle.


[31mX [41;31m[[41;97mERRO
R[41;31m][0m [1mCould 
not resolve "@spartan-ng/bra
in/sheet"[0m

    libs/ui/sheet/src/lib/hl
m-sheet-trigger.ts:2:32:
[37m      2 Γöé import { 
BrnSheetTrigger } from [32m
'@spartan-ng/brain/sheet'[3
7m;
        Γò╡                 
                [32m~~~~~~~
~~~~~~~~~~~~~~~~~~[0m

  You can mark the path 
"@spartan-ng/brain/sheet" 
as external to exclude it 
from the bundle, which will 
remove this error and leave 
the unresolved path in the 
bundle.


[31mX [41;31m[[41;97mERRO
R[41;31m][0m [1mCould 
not resolve "@spartan-ng/bra
in/dialog"[0m

    libs/ui/sheet/src/lib/hl
m-sheet.ts:2:58:
[37m      2 Γöé ..., provid
eBrnDialogDefaultOptions } 
from [32m'@spartan-ng/brain
/dialog'[37m;
        Γò╡                 
                           
[32m~~~~~~~~~~~~~~~~~~~~~~~~
~~[0m

  You can mark the path 
"@spartan-ng/brain/dialog" 
as external to exclude it 
from the bundle, which will 
remove this error and leave 
the unresolved path in the 
bundle.


[31mX [41;31m[[41;97mERRO
R[41;31m][0m [1mCould 
not resolve "@spartan-ng/bra
in/sheet"[0m

    libs/ui/sheet/src/lib/hl
m-sheet.ts:3:25:
[37m      3 Γöé import { 
BrnSheet } from [32m'@spart
an-ng/brain/sheet'[37m;
        Γò╡                 
         [32m~~~~~~~~~~~~~~
~~~~~~~~~~~[0m

  You can mark the path 
"@spartan-ng/brain/sheet" 
as external to exclude it 
from the bundle, which will 
remove this error and leave 
the unresolved path in the 
bundle.


[31mX [41;31m[[41;97mERRO
R[41;31m][0m [1mCould 
not resolve "@spartan-ng/bra
in/tooltip"[0m

    libs/ui/sidebar/src/lib/
hlm-sidebar-menu-button.ts:3
:67:
[37m      3 Γöé ...provideB
rnTooltipDefaultOptions } 
from [32m'@spartan-ng/brain
/tooltip'[37m;
        Γò╡                 
                          [
32m~~~~~~~~~~~~~~~~~~~~~~~~~
~~[0m

  You can mark the path 
"@spartan-ng/brain/tooltip" 
as external to exclude it 
from the bundle, which will 
remove this error and leave 
the unresolved path in the 
bundle.


[31mX [41;31m[[41;97mERRO
R[41;31m][0m [1mCould 
not resolve 
"@ng-icons/core"[0m

    libs/ui/sidebar/src/lib/
hlm-sidebar-trigger.ts:2:29:
[37m      2 Γöé import { 
provideIcons } from 
[32m'@ng-icons/core'[37m;
        Γò╡                 
             
[32m~~~~~~~~~~~~~~~~[0m

  You can mark the path 
"@ng-icons/core" as 
external to exclude it from 
the bundle, which will 
remove this error and leave 
the unresolved path in the 
bundle.


[31mX [41;31m[[41;97mERRO
R[41;31m][0m [1mCould 
not resolve 
"@ng-icons/lucide"[0m

    libs/ui/sidebar/src/lib/
hlm-sidebar-trigger.ts:3:32:
[37m      3 Γöé import { 
lucidePanelLeft } from [32m
'@ng-icons/lucide'[37m;
        Γò╡                 
                
[32m~~~~~~~~~~~~~~~~~~[0m

  You can mark the path 
"@ng-icons/lucide" as 
external to exclude it from 
the bundle, which will 
remove this error and leave 
the unresolved path in the 
bundle.


[31mX [41;31m[[41;97mERRO
R[41;31m][0m [1mCould 
not resolve "@spartan-ng/bra
in/sheet"[0m

    libs/ui/sidebar/src/lib/
hlm-sidebar.ts:3:32:
[37m      3 Γöé import { 
BrnSheetImports } from [32m
'@spartan-ng/brain/sheet'[3
7m;
        Γò╡                 
                [32m~~~~~~~
~~~~~~~~~~~~~~~~~~[0m

  You can mark the path 
"@spartan-ng/brain/sheet" 
as external to exclude it 
from the bundle, which will 
remove this error and leave 
the unresolved path in the 
bundle.


[31mX [41;31m[[41;97mERRO
R[41;31m][0m [1mCould 
not resolve "@spartan-ng/bra
in/tooltip"[0m

    libs/ui/tooltip/src/lib/
hlm-tooltip-trigger.ts:2:67:
[37m      2 Γöé ...provideB
rnTooltipDefaultOptions } 
from [32m'@spartan-ng/brain
/tooltip'[37m;
        Γò╡                 
                          [
32m~~~~~~~~~~~~~~~~~~~~~~~~~
~~[0m

  You can mark the path 
"@spartan-ng/brain/tooltip" 
as external to exclude it 
from the bundle, which will 
remove this error and leave 
the unresolved path in the 
bundle.


[31mX [41;31m[[41;97mERRO
R[41;31m][0m [1mCould 
not resolve "@spartan-ng/bra
in/tooltip"[0m

    libs/ui/tooltip/src/lib/
hlm-tooltip.ts:2:27:
[37m      2 Γöé import { 
BrnTooltip } from [32m'@spa
rtan-ng/brain/tooltip'[37m;
        Γò╡                 
           [32m~~~~~~~~~~~~
~~~~~~~~~~~~~~~[0m

  You can mark the path 
"@spartan-ng/brain/tooltip" 
as external to exclude it 
from the bundle, which will 
remove this error and leave 
the unresolved path in the 
bundle.


[31mX [41;31m[[41;97mERRO
R[41;31m][0m [1mCould 
not resolve "../../../../lib
s/ui/sidebar/src"[0m

    src/app/components/layou
t/main-layout/main-layout.co
mponent.ts:7:34:
[37m      7 Γöé import { 
HlmSidebarImports } from [3
2m'../../../../libs/ui/sideb
ar/src'[37m;
        Γò╡                 
                  [32m~~~~~
~~~~~~~~~~~~~~~~~~~~~~~~~~~~
[0m

[39m[22m
