src/app/components/editor/plugins/decorations/index.ts(2,10): error TS2305: Module '"@milkdown/kit/utils"' has no exported member 'AtomList'.
src/app/components/editor/plugins/decorations/index.ts(2,20): error TS2305: Module '"@milkdown/kit/utils"' has no exported member 'createProsePlugin'.
src/app/components/editor/plugins/entityHighlighter.ts(34,53): error TS2307: Cannot find module '../../../../api' or its corresponding type declarations.
src/app/components/editor/plugins/entityHighlighter.ts(35,37): error TS2307: Cannot find module '../../../../lib/Scanner/types' or its corresponding type declarations.
src/app/components/editor/plugins/entityHighlighter.ts(36,35): error TS2307: Cannot find module '../../../../lib/store/entityColorStore' or its corresponding type declarations.
src/app/lib/Scanner/DeltaScanner.test.ts(8,54): error TS2307: Cannot find module 'vitest' or its corresponding type declarations.
src/app/lib/Scanner/DeltaScanner.test.ts(194,16): error TS18047: 'stats' is possibly 'null'.
src/app/lib/Scanner/DeltaScanner.test.ts(195,16): error TS18047: 'stats' is possibly 'null'.
src/app/lib/Scanner/DeltaScanner.test.ts(196,16): error TS18047: 'stats' is possibly 'null'.
src/app/lib/Scanner/DeltaScanner.ts(103,83): error TS2345: Argument of type 'string | undefined' is not assignable to parameter of type 'string'.
  Type 'undefined' is not assignable to type 'string'.
src/app/lib/Scanner/DeltaScanner.ts(130,13): error TS2322: Type 'Set<string | undefined>' is not assignable to type 'Set<string>'.
  Type 'string | undefined' is not assignable to type 'string'.
    Type 'undefined' is not assignable to type 'string'.
src/app/lib/Scanner/EntityEventBus.test.ts(8,65): error TS2307: Cannot find module 'vitest' or its corresponding type declarations.
src/app/lib/Scanner/ScanCoordinator.test.ts(10,65): error TS2307: Cannot find module 'vitest' or its corresponding type declarations.
src/app/lib/Scanner/scanCoordinatorInstance.ts(28,9): error TS2304: Cannot find name '_instance'.
src/app/lib/Scanner/scanCoordinatorInstance.ts(29,9): error TS2304: Cannot find name '_instance'.
src/app/lib/Scanner/scanCoordinatorInstance.ts(30,9): error TS2304: Cannot find name '_instance'.
